../Core/Src/main.c:87:5:main	16	static
../Core/Src/main.c:172:6:SystemClock_Config	88	static
../Core/Src/main.c:217:6:PeriphCommonClock_Config	32	static
../Core/Src/main.c:238:13:MX_I2C1_Init	8	static
../Core/Src/main.c:272:13:MX_I2S2_Init	8	static
../Core/Src/main.c:306:13:MX_I2S3_Init	8	static
../Core/Src/main.c:340:13:MX_SPI1_Init	8	static
../Core/Src/main.c:378:13:MX_USART2_UART_Init	8	static
../Core/Src/main.c:409:13:MX_DMA_Init	16	static
../Core/Src/main.c:427:13:MX_GPIO_Init	56	static
../Core/Src/main.c:506:6:Error_Handler	4	static,ignoring_inline_asm
